near8 mids=3 ahead=2 ["########","########","#.OM.O.#","#.####.#","#O#OO#.#","#G####M#","###S...O","########"]
near8 mids=3 ahead=5 ["########","######.#","#.OM.O.#","#.####.#","#O#OO#.#","#G####M#","###S...O","########"]
near8 mids=3 ahead=8 ["########","######O#","#.OM.O.#","#.####.#","#O#OO#.#","#G####M#","###S...O","########"]
near8 mids=3 ahead=11 ["########","########","..OM.O.#","#.####.#","#O#OO#.#","#G####M#","###S...O","########"]
near8 mids=3 ahead=14 ["########","######.#","..OM.O.#","#.####.#","#O#OO#.#","#G####M#","###S...O","########"]
near8 mids=3 ahead=17 ["########","######O#","..OM.O.#","#.####.#","#O#OO#.#","#G####M#","###S...O","########"]
near8 mids=3 ahead=23 ["########","######.#","O.OM.O.#","#.####.#","#O#OO#.#","#G####M#","###S...O","########"]
near8 mids=3 ahead=26 ["########","######O#","O.OM.O.#","#.####.#","#O#OO#.#","#G####M#","###S...O","########"]
near8 mids=8 ahead=2 ["########","########","#..M.O.#","#.####O#","#O#OO#.#","#G####M#","###S.O.O","########"]
near8 mids=8 ahead=5 ["########","######.#","#..M.O.#","#.####O#","#O#OO#.#","#G####M#","###S.O.O","########"]
near8 mids=8 ahead=8 ["########","######O#","#..M.O.#","#.####O#","#O#OO#.#","#G####M#","###S.O.O","########"]
near8 mids=8 ahead=11 ["########","########","...M.O.#","#.####O#","#O#OO#.#","#G####M#","###S.O.O","########"]
near8 mids=8 ahead=14 ["########","######.#","...M.O.#","#.####O#","#O#OO#.#","#G####M#","###S.O.O","########"]
near8 mids=8 ahead=17 ["########","######O#","...M.O.#","#.####O#","#O#OO#.#","#G####M#","###S.O.O","########"]
near8 mids=8 ahead=20 ["########","########","O..M.O.#","#.####O#","#O#OO#.#","#G####M#","###S.O.O","########"]
near8 mids=8 ahead=23 ["########","######.#","O..M.O.#","#.####O#","#O#OO#.#","#G####M#","###S.O.O","########"]
near8 mids=8 ahead=26 ["########","######O#","O..M.O.#","#.####O#","#O#OO#.#","#G####M#","###S.O.O","########"]
near8 mids=9 ahead=5 ["########","######.#","#..M.O.#","#.####O#","#O#OO#.#","#G####M#","###S...O","########"]
near8 mids=9 ahead=14 ["########","######.#","...M.O.#","#.####O#","#O#OO#.#","#G####M#","###S...O","########"]
near8 mids=9 ahead=23 ["########","######.#","O..M.O.#","#.####O#","#O#OO#.#","#G####M#","###S...O","########"]
near8 mids=10 ahead=2 ["########","########","#..M.O.#","#.####.#","#O#OO#.#","#G####M#","###S.O.O","########"]
near8 mids=10 ahead=5 ["########","######.#","#..M.O.#","#.####.#","#O#OO#.#","#G####M#","###S.O.O","########"]
near8 mids=10 ahead=8 ["########","######O#","#..M.O.#","#.####.#","#O#OO#.#","#G####M#","###S.O.O","########"]
near8 mids=10 ahead=11 ["########","########","...M.O.#","#.####.#","#O#OO#.#","#G####M#","###S.O.O","########"]
near8 mids=10 ahead=14 ["########","######.#","...M.O.#","#.####.#","#O#OO#.#","#G####M#","###S.O.O","########"]
near8 mids=10 ahead=17 ["########","######O#","...M.O.#","#.####.#","#O#OO#.#","#G####M#","###S.O.O","########"]
near8 mids=10 ahead=23 ["########","######.#","O..M.O.#","#.####.#","#O#OO#.#","#G####M#","###S.O.O","########"]
near8 mids=11 ahead=2 ["########","########","#..M.O.#","#.####.#","#O#OO#.#","#G####M#","###S...O","########"]
near8 mids=11 ahead=5 ["########","######.#","#..M.O.#","#.####.#","#O#OO#.#","#G####M#","###S...O","########"]
near8 mids=11 ahead=8 ["########","######O#","#..M.O.#","#.####.#","#O#OO#.#","#G####M#","###S...O","########"]
near8 mids=11 ahead=11 ["########","########","...M.O.#","#.####.#","#O#OO#.#","#G####M#","###S...O","########"]
near8 mids=11 ahead=14 ["########","######.#","...M.O.#","#.####.#","#O#OO#.#","#G####M#","###S...O","########"]
near8 mids=11 ahead=17 ["########","######O#","...M.O.#","#.####.#","#O#OO#.#","#G####M#","###S...O","########"]
near8 mids=11 ahead=23 ["########","######.#","O..M.O.#","#.####.#","#O#OO#.#","#G####M#","###S...O","########"]
near8 mids=19 ahead=2 ["########","########","#.OM.O.#","#.####.#","#.#OO#.#","#G####M#","###S...O","########"]
near8 mids=19 ahead=5 ["########","######.#","#.OM.O.#","#.####.#","#.#OO#.#","#G####M#","###S...O","########"]
near8 mids=19 ahead=8 ["########","######O#","#.OM.O.#","#.####.#","#.#OO#.#","#G####M#","###S...O","########"]
near8 mids=19 ahead=11 ["########","########","..OM.O.#","#.####.#","#.#OO#.#","#G####M#","###S...O","########"]
near8 mids=19 ahead=14 ["########","######.#","..OM.O.#","#.####.#","#.#OO#.#","#G####M#","###S...O","########"]
near8 mids=19 ahead=17 ["########","######O#","..OM.O.#","#.####.#","#.#OO#.#","#G####M#","###S...O","########"]
near8 mids=19 ahead=23 ["########","######.#","O.OM.O.#","#.####.#","#.#OO#.#","#G####M#","###S...O","########"]
near8 mids=19 ahead=26 ["########","######O#","O.OM.O.#","#.####.#","#.#OO#.#","#G####M#","###S...O","########"]
near8 mids=22 ahead=8 ["########","######O#","#.OM...#","#.####.#","#.#OO#.#","#G####M#","###S.O.O","########"]
near8 mids=22 ahead=17 ["########","######O#","..OM...#","#.####.#","#.#OO#.#","#G####M#","###S.O.O","########"]
near8 mids=24 ahead=2 ["########","########","#..M.O.#","#.####O#","#.#OO#.#","#G####M#","###S.O.O","########"]
near8 mids=24 ahead=5 ["########","######.#","#..M.O.#","#.####O#","#.#OO#.#","#G####M#","###S.O.O","########"]
near8 mids=24 ahead=8 ["########","######O#","#..M.O.#","#.####O#","#.#OO#.#","#G####M#","###S.O.O","########"]
near8 mids=24 ahead=11 ["########","########","...M.O.#","#.####O#","#.#OO#.#","#G####M#","###S.O.O","########"]
near8 mids=24 ahead=14 ["########","######.#","...M.O.#","#.####O#","#.#OO#.#","#G####M#","###S.O.O","########"]
near8 mids=24 ahead=17 ["########","######O#","...M.O.#","#.####O#","#.#OO#.#","#G####M#","###S.O.O","########"]
near8 mids=24 ahead=20 ["########","########","O..M.O.#","#.####O#","#.#OO#.#","#G####M#","###S.O.O","########"]
near8 mids=24 ahead=23 ["########","######.#","O..M.O.#","#.####O#","#.#OO#.#","#G####M#","###S.O.O","########"]
near8 mids=24 ahead=26 ["########","######O#","O..M.O.#","#.####O#","#.#OO#.#","#G####M#","###S.O.O","########"]
near8 mids=25 ahead=5 ["########","######.#","#..M.O.#","#.####O#","#.#OO#.#","#G####M#","###S...O","########"]
near8 mids=25 ahead=14 ["########","######.#","...M.O.#","#.####O#","#.#OO#.#","#G####M#","###S...O","########"]
near8 mids=25 ahead=23 ["########","######.#","O..M.O.#","#.####O#","#.#OO#.#","#G####M#","###S...O","########"]
near8 mids=26 ahead=2 ["########","########","#..M.O.#","#.####.#","#.#OO#.#","#G####M#","###S.O.O","########"]
near8 mids=26 ahead=5 ["########","######.#","#..M.O.#","#.####.#","#.#OO#.#","#G####M#","###S.O.O","########"]
near8 mids=26 ahead=8 ["########","######O#","#..M.O.#","#.####.#","#.#OO#.#","#G####M#","###S.O.O","########"]
near8 mids=26 ahead=11 ["########","########","...M.O.#","#.####.#","#.#OO#.#","#G####M#","###S.O.O","########"]
near8 mids=26 ahead=14 ["########","######.#","...M.O.#","#.####.#","#.#OO#.#","#G####M#","###S.O.O","########"]
near8 mids=26 ahead=17 ["########","######O#","...M.O.#","#.####.#","#.#OO#.#","#G####M#","###S.O.O","########"]
near8 mids=26 ahead=23 ["########","######.#","O..M.O.#","#.####.#","#.#OO#.#","#G####M#","###S.O.O","########"]
done shard 2: survivors 0 t=667402ms
