near8 mids=3 ahead=9 ["########","########","..OM.O.#","#.####.#","#O#OO#.#","#G####M#","###S...#","########"]
near8 mids=3 ahead=12 ["########","######.#","..OM.O.#","#.####.#","#O#OO#.#","#G####M#","###S...#","########"]
near8 mids=3 ahead=15 ["########","######O#","..OM.O.#","#.####.#","#O#OO#.#","#G####M#","###S...#","########"]
near8 mids=3 ahead=18 ["########","########","O.OM.O.#","#.####.#","#O#OO#.#","#G####M#","###S...#","########"]
near8 mids=3 ahead=21 ["########","######.#","O.OM.O.#","#.####.#","#O#OO#.#","#G####M#","###S...#","########"]
near8 mids=3 ahead=24 ["########","######O#","O.OM.O.#","#.####.#","#O#OO#.#","#G####M#","###S...#","########"]
near8 mids=8 ahead=3 ["########","######.#","#..M.O.#","#.####O#","#O#OO#.#","#G####M#","###S.O.#","########"]
near8 mids=8 ahead=6 ["########","######O#","#..M.O.#","#.####O#","#O#OO#.#","#G####M#","###S.O.#","########"]
near8 mids=8 ahead=12 ["########","######.#","...M.O.#","#.####O#","#O#OO#.#","#G####M#","###S.O.#","########"]
near8 mids=8 ahead=15 ["########","######O#","...M.O.#","#.####O#","#O#OO#.#","#G####M#","###S.O.#","########"]
near8 mids=8 ahead=21 ["########","######.#","O..M.O.#","#.####O#","#O#OO#.#","#G####M#","###S.O.#","########"]
near8 mids=8 ahead=24 ["########","######O#","O..M.O.#","#.####O#","#O#OO#.#","#G####M#","###S.O.#","########"]
near8 mids=9 ahead=3 ["########","######.#","#..M.O.#","#.####O#","#O#OO#.#","#G####M#","###S...#","########"]
near8 mids=9 ahead=12 ["########","######.#","...M.O.#","#.####O#","#O#OO#.#","#G####M#","###S...#","########"]
near8 mids=9 ahead=21 ["########","######.#","O..M.O.#","#.####O#","#O#OO#.#","#G####M#","###S...#","########"]
near8 mids=19 ahead=9 ["########","########","..OM.O.#","#.####.#","#.#OO#.#","#G####M#","###S...#","########"]
near8 mids=19 ahead=12 ["########","######.#","..OM.O.#","#.####.#","#.#OO#.#","#G####M#","###S...#","########"]
near8 mids=19 ahead=15 ["########","######O#","..OM.O.#","#.####.#","#.#OO#.#","#G####M#","###S...#","########"]
near8 mids=19 ahead=18 ["########","########","O.OM.O.#","#.####.#","#.#OO#.#","#G####M#","###S...#","########"]
near8 mids=19 ahead=21 ["########","######.#","O.OM.O.#","#.####.#","#.#OO#.#","#G####M#","###S...#","########"]
near8 mids=19 ahead=24 ["########","######O#","O.OM.O.#","#.####.#","#.#OO#.#","#G####M#","###S...#","########"]
near8 mids=24 ahead=3 ["########","######.#","#..M.O.#","#.####O#","#.#OO#.#","#G####M#","###S.O.#","########"]
near8 mids=24 ahead=6 ["########","######O#","#..M.O.#","#.####O#","#.#OO#.#","#G####M#","###S.O.#","########"]
near8 mids=24 ahead=12 ["########","######.#","...M.O.#","#.####O#","#.#OO#.#","#G####M#","###S.O.#","########"]
near8 mids=24 ahead=15 ["########","######O#","...M.O.#","#.####O#","#.#OO#.#","#G####M#","###S.O.#","########"]
near8 mids=24 ahead=21 ["########","######.#","O..M.O.#","#.####O#","#.#OO#.#","#G####M#","###S.O.#","########"]
near8 mids=24 ahead=24 ["########","######O#","O..M.O.#","#.####O#","#.#OO#.#","#G####M#","###S.O.#","########"]
near8 mids=25 ahead=3 ["########","######.#","#..M.O.#","#.####O#","#.#OO#.#","#G####M#","###S...#","########"]
near8 mids=25 ahead=12 ["########","######.#","...M.O.#","#.####O#","#.#OO#.#","#G####M#","###S...#","########"]
near8 mids=25 ahead=21 ["########","######.#","O..M.O.#","#.####O#","#.#OO#.#","#G####M#","###S...#","########"]
done shard 0: survivors 0 t=441913ms
