near8 mids=3 ahead=1 ["########","########","#.OM.O.#","#.####.#","#O#OO#.#","#G####M#","###S....","########"]
near8 mids=3 ahead=4 ["########","######.#","#.OM.O.#","#.####.#","#O#OO#.#","#G####M#","###S....","########"]
near8 mids=3 ahead=7 ["########","######O#","#.OM.O.#","#.####.#","#O#OO#.#","#G####M#","###S....","########"]
near8 mids=3 ahead=10 ["########","########","..OM.O.#","#.####.#","#O#OO#.#","#G####M#","###S....","########"]
near8 mids=3 ahead=13 ["########","######.#","..OM.O.#","#.####.#","#O#OO#.#","#G####M#","###S....","########"]
near8 mids=3 ahead=16 ["########","######O#","..OM.O.#","#.####.#","#O#OO#.#","#G####M#","###S....","########"]
near8 mids=3 ahead=19 ["########","########","O.OM.O.#","#.####.#","#O#OO#.#","#G####M#","###S....","########"]
near8 mids=3 ahead=22 ["########","######.#","O.OM.O.#","#.####.#","#O#OO#.#","#G####M#","###S....","########"]
near8 mids=3 ahead=25 ["########","######O#","O.OM.O.#","#.####.#","#O#OO#.#","#G####M#","###S....","########"]
near8 mids=8 ahead=1 ["########","########","#..M.O.#","#.####O#","#O#OO#.#","#G####M#","###S.O..","########"]
near8 mids=8 ahead=4 ["########","######.#","#..M.O.#","#.####O#","#O#OO#.#","#G####M#","###S.O..","########"]
near8 mids=8 ahead=7 ["########","######O#","#..M.O.#","#.####O#","#O#OO#.#","#G####M#","###S.O..","########"]
near8 mids=8 ahead=10 ["########","########","...M.O.#","#.####O#","#O#OO#.#","#G####M#","###S.O..","########"]
near8 mids=8 ahead=13 ["########","######.#","...M.O.#","#.####O#","#O#OO#.#","#G####M#","###S.O..","########"]
near8 mids=8 ahead=16 ["########","######O#","...M.O.#","#.####O#","#O#OO#.#","#G####M#","###S.O..","########"]
near8 mids=8 ahead=19 ["########","########","O..M.O.#","#.####O#","#O#OO#.#","#G####M#","###S.O..","########"]
near8 mids=8 ahead=22 ["########","######.#","O..M.O.#","#.####O#","#O#OO#.#","#G####M#","###S.O..","########"]
near8 mids=8 ahead=25 ["########","######O#","O..M.O.#","#.####O#","#O#OO#.#","#G####M#","###S.O..","########"]
near8 mids=9 ahead=4 ["########","######.#","#..M.O.#","#.####O#","#O#OO#.#","#G####M#","###S....","########"]
near8 mids=9 ahead=13 ["########","######.#","...M.O.#","#.####O#","#O#OO#.#","#G####M#","###S....","########"]
near8 mids=9 ahead=22 ["########","######.#","O..M.O.#","#.####O#","#O#OO#.#","#G####M#","###S....","########"]
near8 mids=10 ahead=1 ["########","########","#..M.O.#","#.####.#","#O#OO#.#","#G####M#","###S.O..","########"]
near8 mids=10 ahead=4 ["########","######.#","#..M.O.#","#.####.#","#O#OO#.#","#G####M#","###S.O..","########"]
near8 mids=10 ahead=7 ["########","######O#","#..M.O.#","#.####.#","#O#OO#.#","#G####M#","###S.O..","########"]
near8 mids=10 ahead=10 ["########","########","...M.O.#","#.####.#","#O#OO#.#","#G####M#","###S.O..","########"]
near8 mids=10 ahead=13 ["########","######.#","...M.O.#","#.####.#","#O#OO#.#","#G####M#","###S.O..","########"]
near8 mids=10 ahead=16 ["########","######O#","...M.O.#","#.####.#","#O#OO#.#","#G####M#","###S.O..","########"]
near8 mids=10 ahead=19 ["########","########","O..M.O.#","#.####.#","#O#OO#.#","#G####M#","###S.O..","########"]
near8 mids=10 ahead=22 ["########","######.#","O..M.O.#","#.####.#","#O#OO#.#","#G####M#","###S.O..","########"]
near8 mids=10 ahead=25 ["########","######O#","O..M.O.#","#.####.#","#O#OO#.#","#G####M#","###S.O..","########"]
near8 mids=11 ahead=1 ["########","########","#..M.O.#","#.####.#","#O#OO#.#","#G####M#","###S....","########"]
near8 mids=11 ahead=4 ["########","######.#","#..M.O.#","#.####.#","#O#OO#.#","#G####M#","###S....","########"]
near8 mids=11 ahead=7 ["########","######O#","#..M.O.#","#.####.#","#O#OO#.#","#G####M#","###S....","########"]
near8 mids=11 ahead=10 ["########","########","...M.O.#","#.####.#","#O#OO#.#","#G####M#","###S....","########"]
near8 mids=11 ahead=13 ["########","######.#","...M.O.#","#.####.#","#O#OO#.#","#G####M#","###S....","########"]
near8 mids=11 ahead=16 ["########","######O#","...M.O.#","#.####.#","#O#OO#.#","#G####M#","###S....","########"]
near8 mids=11 ahead=19 ["########","########","O..M.O.#","#.####.#","#O#OO#.#","#G####M#","###S....","########"]
near8 mids=11 ahead=22 ["########","######.#","O..M.O.#","#.####.#","#O#OO#.#","#G####M#","###S....","########"]
near8 mids=11 ahead=25 ["########","######O#","O..M.O.#","#.####.#","#O#OO#.#","#G####M#","###S....","########"]
near8 mids=19 ahead=1 ["########","########","#.OM.O.#","#.####.#","#.#OO#.#","#G####M#","###S....","########"]
near8 mids=19 ahead=4 ["########","######.#","#.OM.O.#","#.####.#","#.#OO#.#","#G####M#","###S....","########"]
near8 mids=19 ahead=7 ["########","######O#","#.OM.O.#","#.####.#","#.#OO#.#","#G####M#","###S....","########"]
near8 mids=19 ahead=10 ["########","########","..OM.O.#","#.####.#","#.#OO#.#","#G####M#","###S....","########"]
near8 mids=19 ahead=13 ["########","######.#","..OM.O.#","#.####.#","#.#OO#.#","#G####M#","###S....","########"]
near8 mids=19 ahead=16 ["########","######O#","..OM.O.#","#.####.#","#.#OO#.#","#G####M#","###S....","########"]
near8 mids=19 ahead=19 ["########","########","O.OM.O.#","#.####.#","#.#OO#.#","#G####M#","###S....","########"]
near8 mids=19 ahead=22 ["########","######.#","O.OM.O.#","#.####.#","#.#OO#.#","#G####M#","###S....","########"]
near8 mids=19 ahead=25 ["########","######O#","O.OM.O.#","#.####.#","#.#OO#.#","#G####M#","###S....","########"]
near8 mids=22 ahead=7 ["########","######O#","#.OM...#","#.####.#","#.#OO#.#","#G####M#","###S.O..","########"]
near8 mids=22 ahead=16 ["########","######O#","..OM...#","#.####.#","#.#OO#.#","#G####M#","###S.O..","########"]
near8 mids=22 ahead=25 ["########","######O#","O.OM...#","#.####.#","#.#OO#.#","#G####M#","###S.O..","########"]
near8 mids=24 ahead=1 ["########","########","#..M.O.#","#.####O#","#.#OO#.#","#G####M#","###S.O..","########"]
near8 mids=24 ahead=4 ["########","######.#","#..M.O.#","#.####O#","#.#OO#.#","#G####M#","###S.O..","########"]
near8 mids=24 ahead=7 ["########","######O#","#..M.O.#","#.####O#","#.#OO#.#","#G####M#","###S.O..","########"]
near8 mids=24 ahead=10 ["########","########","...M.O.#","#.####O#","#.#OO#.#","#G####M#","###S.O..","########"]
near8 mids=24 ahead=13 ["########","######.#","...M.O.#","#.####O#","#.#OO#.#","#G####M#","###S.O..","########"]
near8 mids=24 ahead=16 ["########","######O#","...M.O.#","#.####O#","#.#OO#.#","#G####M#","###S.O..","########"]
near8 mids=24 ahead=19 ["########","########","O..M.O.#","#.####O#","#.#OO#.#","#G####M#","###S.O..","########"]
near8 mids=24 ahead=22 ["########","######.#","O..M.O.#","#.####O#","#.#OO#.#","#G####M#","###S.O..","########"]
near8 mids=24 ahead=25 ["########","######O#","O..M.O.#","#.####O#","#.#OO#.#","#G####M#","###S.O..","########"]
near8 mids=25 ahead=4 ["########","######.#","#..M.O.#","#.####O#","#.#OO#.#","#G####M#","###S....","########"]
near8 mids=25 ahead=13 ["########","######.#","...M.O.#","#.####O#","#.#OO#.#","#G####M#","###S....","########"]
near8 mids=25 ahead=22 ["########","######.#","O..M.O.#","#.####O#","#.#OO#.#","#G####M#","###S....","########"]
near8 mids=26 ahead=1 ["########","########","#..M.O.#","#.####.#","#.#OO#.#","#G####M#","###S.O..","########"]
near8 mids=26 ahead=4 ["########","######.#","#..M.O.#","#.####.#","#.#OO#.#","#G####M#","###S.O..","########"]
near8 mids=26 ahead=7 ["########","######O#","#..M.O.#","#.####.#","#.#OO#.#","#G####M#","###S.O..","########"]
near8 mids=26 ahead=10 ["########","########","...M.O.#","#.####.#","#.#OO#.#","#G####M#","###S.O..","########"]
near8 mids=26 ahead=13 ["########","######.#","...M.O.#","#.####.#","#.#OO#.#","#G####M#","###S.O..","########"]
near8 mids=26 ahead=16 ["########","######O#","...M.O.#","#.####.#","#.#OO#.#","#G####M#","###S.O..","########"]
near8 mids=26 ahead=19 ["########","########","O..M.O.#","#.####.#","#.#OO#.#","#G####M#","###S.O..","########"]
near8 mids=26 ahead=22 ["########","######.#","O..M.O.#","#.####.#","#.#OO#.#","#G####M#","###S.O..","########"]
near8 mids=26 ahead=25 ["########","######O#","O..M.O.#","#.####.#","#.#OO#.#","#G####M#","###S.O..","########"]
done shard 1: survivors 0 t=743956ms
