bsize 1: tried 1116, cat-free goals 0, cat-safe goals 0
bsize 2: tried 18972, cat-free goals 0, cat-safe goals 0
bsize 3: tried 367164, cat-free goals 0, cat-safe goals 0
bsize 4: tried 7973820, cat-free goals 0, cat-safe goals 0
bsize 5: tried 186390972, cat-free goals 552, cat-safe goals 193
cat-safe sleep-free: 87; with sleep prefix: 106
NOSLEEP 145 t38 mice2 size8 좌회전 반복 9 { 반복 9 { 만약 앞이 구덩이면 { 점프 } 아니면 { } 만약 앞이 벽이면 { 우회전 } 아니면 { } 앞으로 } }
NOSLEEP 145 t38 mice2 size8 좌회전 반복 9 { 반복 9 { 만약 앞이 구덩이면 { 점프 } 아니면 { } 만약 앞이 벽이면 { 우회전 } 아니면 { 앞으로 } } }
NOSLEEP 145 t38 mice2 size8 좌회전 반복 9 { 반복 9 { 만약 앞이 벽이면 { 우회전 } 아니면 { } 앞으로 만약 앞이 구덩이면 { 점프 } 아니면 { } } }
NOSLEEP 145 t38 mice2 size8 좌회전 반복 9 { 반복 9 { 만약 앞이 벽이면 { 우회전 } 아니면 { } 만약 앞이 구덩이면 { 점프 } 아니면 { } 앞으로 } }
NOSLEEP 145 t38 mice2 size8 좌회전 반복 9 { 반복 9 { 만약 앞이 벽이면 { 우회전 } 아니면 { } 만약 앞이 구덩이면 { 점프 } 아니면 { 앞으로 } } }
NOSLEEP 145 t38 mice2 size8 좌회전 반복 9 { 반복 9 { 만약 앞이 벽이면 { 우회전 } 아니면 { 앞으로 } 만약 앞이 구덩이면 { 점프 } 아니면 { } } }
NOSLEEP 145 t36 mice2 size8 앞으로 좌회전 반복 3 { 반복 8 { 만약 앞이 벽이면 { 우회전 } 아니면 { } 앞으로 } 점프 }
NOSLEEP 145 t36 mice2 size8 앞으로 좌회전 반복 4 { 반복 8 { 만약 앞이 벽이면 { 우회전 } 아니면 { } 앞으로 } 점프 }
NOSLEEP 145 t36 mice2 size8 앞으로 좌회전 반복 5 { 반복 8 { 만약 앞이 벽이면 { 우회전 } 아니면 { } 앞으로 } 점프 }
NOSLEEP 145 t36 mice2 size8 앞으로 좌회전 반복 6 { 반복 8 { 만약 앞이 벽이면 { 우회전 } 아니면 { } 앞으로 } 점프 }
NOSLEEP 145 t36 mice2 size8 앞으로 좌회전 반복 7 { 반복 8 { 만약 앞이 벽이면 { 우회전 } 아니면 { } 앞으로 } 점프 }
NOSLEEP 145 t36 mice2 size8 앞으로 좌회전 반복 8 { 반복 8 { 만약 앞이 벽이면 { 우회전 } 아니면 { } 앞으로 } 점프 }
NOSLEEP 145 t36 mice2 size8 앞으로 좌회전 반복 9 { 반복 8 { 만약 앞이 벽이면 { 우회전 } 아니면 { } 앞으로 } 점프 }
NOSLEEP 145 t38 mice2 size8 좌회전 반복 9 { 반복 9 { 만약 앞이 구덩이면 { 점프 } 아니면 { 만약 앞이 벽이면 { 우회전 } 아니면 { } } 앞으로 } }
NOSLEEP 145 t38 mice2 size8 좌회전 반복 9 { 반복 9 { 만약 앞이 벽이면 { 우회전 } 아니면 { 만약 앞이 구덩이면 { 점프 } 아니면 { } } 앞으로 } }
NOSLEEP 145 t38 mice2 size8 좌회전 반복 9 { 반복 9 { 만약 앞이 구덩이면 { 점프 } 아니면 { 만약 앞이 벽이면 { 우회전 } 아니면 { } 앞으로 } } }
NOSLEEP 145 t38 mice2 size8 좌회전 반복 9 { 반복 9 { 만약 앞이 구덩이면 { 점프 } 아니면 { 만약 앞이 벽이면 { 우회전 } 아니면 { 앞으로 } } } }
NOSLEEP 145 t38 mice2 size8 좌회전 반복 9 { 반복 9 { 만약 앞이 벽이면 { 우회전 } 아니면 { 앞으로 만약 앞이 구덩이면 { 점프 } 아니면 { } } } }
NOSLEEP 145 t38 mice2 size8 좌회전 반복 9 { 반복 9 { 만약 앞이 벽이면 { 우회전 } 아니면 { 만약 앞이 구덩이면 { 점프 } 아니면 { } 앞으로 } } }
NOSLEEP 145 t38 mice2 size8 좌회전 반복 9 { 반복 9 { 만약 앞이 벽이면 { 우회전 } 아니면 { 만약 앞이 구덩이면 { 점프 } 아니면 { 앞으로 } } } }
NOSLEEP 140 t38 mice2 size9 좌회전 우회전 반복 9 { 반복 9 { 앞으로 만약 앞이 구덩이면 { 점프 } 아니면 { } 만약 앞이 벽이면 { 우회전 } 아니면 { } } }
NOSLEEP 140 t38 mice2 size9 우회전 좌회전 반복 9 { 반복 9 { 앞으로 만약 앞이 구덩이면 { 점프 } 아니면 { } 만약 앞이 벽이면 { 우회전 } 아니면 { } } }
NOSLEEP 140 t38 mice2 size9 좌회전 우회전 반복 9 { 반복 9 { 앞으로 만약 앞이 벽이면 { 우회전 } 아니면 { } 만약 앞이 구덩이면 { 점프 } 아니면 { } } }
NOSLEEP 140 t38 mice2 size9 우회전 좌회전 반복 9 { 반복 9 { 앞으로 만약 앞이 벽이면 { 우회전 } 아니면 { } 만약 앞이 구덩이면 { 점프 } 아니면 { } } }
NOSLEEP 140 t38 mice2 size9 좌회전 우회전 반복 9 { 반복 9 { 앞으로 만약 앞이 구덩이면 { 점프 } 아니면 { 만약 앞이 벽이면 { 우회전 } 아니면 { } } } }
NOSLEEP 140 t38 mice2 size9 우회전 좌회전 반복 9 { 반복 9 { 앞으로 만약 앞이 구덩이면 { 점프 } 아니면 { 만약 앞이 벽이면 { 우회전 } 아니면 { } } } }
NOSLEEP 140 t38 mice2 size9 좌회전 우회전 반복 9 { 반복 9 { 앞으로 만약 앞이 벽이면 { 우회전 } 아니면 { 만약 앞이 구덩이면 { 점프 } 아니면 { } } } }
NOSLEEP 140 t38 mice2 size9 우회전 좌회전 반복 9 { 반복 9 { 앞으로 만약 앞이 벽이면 { 우회전 } 아니면 { 만약 앞이 구덩이면 { 점프 } 아니면 { } } } }
NOSLEEP 140 t38 mice2 size9 좌회전 우회전 반복 9 { 반복 9 { 만약 앞이 구덩이면 { 점프 } 아니면 { } 앞으로 만약 앞이 벽이면 { 우회전 } 아니면 { } } }
NOSLEEP 140 t38 mice2 size9 우회전 좌회전 반복 9 { 반복 9 { 만약 앞이 구덩이면 { 점프 } 아니면 { } 앞으로 만약 앞이 벽이면 { 우회전 } 아니면 { } } }
SLEEP 145 t37 mice2 size8 잠자기 반복 9 { 반복 9 { 앞으로 만약 앞이 구덩이면 { 점프 } 아니면 { } 만약 앞이 벽이면 { 우회전 } 아니면 { } } }
SLEEP 145 t37 mice2 size8 잠자기 반복 9 { 반복 9 { 앞으로 만약 앞이 벽이면 { 우회전 } 아니면 { } 만약 앞이 구덩이면 { 점프 } 아니면 { } } }
SLEEP 145 t37 mice2 size8 잠자기 반복 9 { 반복 9 { 앞으로 만약 앞이 구덩이면 { 점프 } 아니면 { 만약 앞이 벽이면 { 우회전 } 아니면 { } } } }
SLEEP 145 t37 mice2 size8 잠자기 반복 9 { 반복 9 { 앞으로 만약 앞이 벽이면 { 우회전 } 아니면 { 만약 앞이 구덩이면 { 점프 } 아니면 { } } } }
SLEEP 145 t37 mice2 size8 잠자기 반복 9 { 반복 9 { 만약 앞이 구덩이면 { 점프 } 아니면 { } 앞으로 만약 앞이 벽이면 { 우회전 } 아니면 { } } }
SLEEP 145 t37 mice2 size8 잠자기 반복 9 { 반복 9 { 만약 앞이 구덩이면 { 점프 } 아니면 { } 만약 앞이 벽이면 { 우회전 } 아니면 { } 앞으로 } }
SLEEP 145 t37 mice2 size8 잠자기 반복 9 { 반복 9 { 만약 앞이 구덩이면 { 점프 } 아니면 { } 만약 앞이 벽이면 { 우회전 } 아니면 { 앞으로 } } }
SLEEP 145 t37 mice2 size8 잠자기 반복 9 { 반복 9 { 만약 앞이 벽이면 { 우회전 } 아니면 { } 앞으로 만약 앞이 구덩이면 { 점프 } 아니면 { } } }
